C51 COMPILER V9.60.0.0   MAIN                                                              08/13/2022 23:50:15 PAGE 1   


C51 COMPILER V9.60.0.0, COMPILATION OF MODULE MAIN
OBJECT MODULE PLACED IN .\Objects\main.obj
COMPILER INVOKED BY: D:\files\keil\C51\BIN\C51.EXE main.c OPTIMIZE(8,SPEED) BROWSE DEBUG OBJECTEXTEND PRINT(.\Listings\m
                    -ain.lst) OBJECT(.\Objects\main.obj)

line level    source

   1          #include <REGX52.H>
   2          #include "timer0.h"
   3          #include "LCD1602.h"
   4          
   5          unsigned char sec=0;
   6          unsigned char min=0;
   7          
   8          void main(){
   9   1              LCD_Init();
  10   1              LCD_ShowString(1,1,"A Clock");
  11   1              LCD_ShowString(2,1,"  :  ");
  12   1              Timer0_Init();
  13   1              LCD_ShowNum(2,1,min,2);
  14   1              LCD_ShowNum(2,4,sec,2);
  15   1              
  16   1              while(1){
  17   2                      
  18   2              }
  19   1      }
  20          
  21          void Timer0_Routine() interrupt 1{
  22   1              static unsigned int T0Count;
  23   1              TH0=64535/256;
  24   1              TL0=64535%256;
  25   1              T0Count++;
  26   1              if(T0Count>=1000){
  27   2                      T0Count=0;
  28   2                      sec++;
  29   2                      if(sec>59){
  30   3                              sec=0;
  31   3                              min++;
  32   3                      }
  33   2                      LCD_ShowNum(2,1,min,2);
  34   2                      LCD_ShowNum(2,4,sec,2);
  35   2              }
  36   1      }


MODULE INFORMATION:   STATIC OVERLAYABLE
   CODE SIZE        =    641    ----
   CONSTANT SIZE    =     14    ----
   XDATA SIZE       =   ----    ----
   PDATA SIZE       =   ----    ----
   DATA SIZE        =      4      29
   IDATA SIZE       =   ----    ----
   BIT SIZE         =   ----    ----
END OF MODULE INFORMATION.


C51 COMPILATION COMPLETE.  0 WARNING(S),  0 ERROR(S)
